   1              		.arch armv8-a
   2              		.file	"hanoi.c"
   3              		.text
   4              	.Ltext0:
   5              		.file 0 "/home/kali" "hanoi.c"
   6              		.section	.rodata
   7              		.align	3
   8              	.LC0:
   9 0000 4D6F7665 		.string	"Move disk 1 from %c to %c\n"
   9      20646973 
   9      6B203120 
   9      66726F6D 
   9      20256320 
  10 001b 00000000 		.align	3
  10      00
  11              	.LC1:
  12 0020 4D6F7665 		.string	"Move disk %d from %c to %c\n"
  12      20646973 
  12      6B202564 
  12      2066726F 
  12      6D202563 
  13              		.text
  14              		.align	2
  15              		.global	hanoi
  17              	hanoi:
  18              	.LFB0:
  19              		.file 1 "hanoi.c"
   1:hanoi.c       **** #include <stdio.h>
   2:hanoi.c       **** 
   3:hanoi.c       **** void hanoi(int n, char from, char to, char aux) {
  20              		.loc 1 3 49
  21 0000 10000000 		.cfi_startproc
  21      00000000 
  21      017A5200 
  21      04781E01 
  21      1B0C1F00 
  22 0000 FD7BBEA9 		stp	x29, x30, [sp, -32]!
  23 0025 410E20   		.cfi_def_cfa_offset 32
  24 0028 9D04     		.cfi_offset 29, -32
  25 002a 9E03     		.cfi_offset 30, -24
  26 0004 FD030091 		mov	x29, sp
  27 0008 E01F00B9 		str	w0, [sp, 28]
  28 000c E16F0039 		strb	w1, [sp, 27]
  29 0010 E26B0039 		strb	w2, [sp, 26]
  30 0014 E3670039 		strb	w3, [sp, 25]
   4:hanoi.c       ****     if (n == 1)
  31              		.loc 1 4 8
  32 0018 E01F40B9 		ldr	w0, [sp, 28]
  33 001c 1F040071 		cmp	w0, 1
  34 0020 21010054 		bne	.L2
   5:hanoi.c       ****         printf("Move disk 1 from %c to %c\n", from, to);
  35              		.loc 1 5 9
  36 0024 E06F4039 		ldrb	w0, [sp, 27]
  37 0028 E16B4039 		ldrb	w1, [sp, 26]
  38 002c E203012A 		mov	w2, w1
  39 0030 E103002A 		mov	w1, w0
  40 0034 00000090 		adrp	x0, .LC0
  41 0038 00000091 		add	x0, x0, :lo12:.LC0
  42 003c 00000094 		bl	printf
   6:hanoi.c       ****     else {
   7:hanoi.c       ****         hanoi(n - 1, from, aux, to);
   8:hanoi.c       ****         printf("Move disk %d from %c to %c\n", n, from, to);
   9:hanoi.c       ****         hanoi(n - 1, aux, to, from);
  10:hanoi.c       ****     }
  11:hanoi.c       **** }
  43              		.loc 1 11 1
  44 0040 15000014 		b	.L4
  45              	.L2:
   7:hanoi.c       ****         printf("Move disk %d from %c to %c\n", n, from, to);
  46              		.loc 1 7 9
  47 0044 E01F40B9 		ldr	w0, [sp, 28]
  48 0048 00040051 		sub	w0, w0, #1
  49 004c E36B4039 		ldrb	w3, [sp, 26]
  50 0050 E2674039 		ldrb	w2, [sp, 25]
  51 0054 E16F4039 		ldrb	w1, [sp, 27]
  52 0058 00000094 		bl	hanoi
   8:hanoi.c       ****         hanoi(n - 1, aux, to, from);
  53              		.loc 1 8 9
  54 005c E06F4039 		ldrb	w0, [sp, 27]
  55 0060 E16B4039 		ldrb	w1, [sp, 26]
  56 0064 E303012A 		mov	w3, w1
  57 0068 E203002A 		mov	w2, w0
  58 006c E11F40B9 		ldr	w1, [sp, 28]
  59 0070 00000090 		adrp	x0, .LC1
  60 0074 00000091 		add	x0, x0, :lo12:.LC1
  61 0078 00000094 		bl	printf
   9:hanoi.c       ****     }
  62              		.loc 1 9 9
  63 007c E01F40B9 		ldr	w0, [sp, 28]
  64 0080 00040051 		sub	w0, w0, #1
  65 0084 E36F4039 		ldrb	w3, [sp, 27]
  66 0088 E26B4039 		ldrb	w2, [sp, 26]
  67 008c E1674039 		ldrb	w1, [sp, 25]
  68 0090 00000094 		bl	hanoi
  69              	.L4:
  70              		.loc 1 11 1
  71 0094 1F2003D5 		nop
  72 0098 FD7BC2A8 		ldp	x29, x30, [sp], 32
  73 002c 66DE     		.cfi_restore 30
  74 002e DD       		.cfi_restore 29
  75 002f 0E00     		.cfi_def_cfa_offset 0
  76 009c C0035FD6 		ret
  77 0031 000000   		.cfi_endproc
  78              	.LFE0:
  80              		.align	2
  81              		.global	main
  83              	main:
  84              	.LFB1:
  12:hanoi.c       **** 
  13:hanoi.c       **** int main() {
  85              		.loc 1 13 12
  86 0034 20000000 		.cfi_startproc
  86      38000000 
  86      00000000 
  86      28000000 
  86      00
  87 00a0 FD7BBFA9 		stp	x29, x30, [sp, -16]!
  88 0045 410E10   		.cfi_def_cfa_offset 16
  89 0048 9D02     		.cfi_offset 29, -16
  90 004a 9E01     		.cfi_offset 30, -8
  91 00a4 FD030091 		mov	x29, sp
  14:hanoi.c       ****     hanoi(3, 'A', 'C', 'B');
  92              		.loc 1 14 5
  93 00a8 43088052 		mov	w3, 66
  94 00ac 62088052 		mov	w2, 67
  95 00b0 21088052 		mov	w1, 65
  96 00b4 60008052 		mov	w0, 3
  97 00b8 00000094 		bl	hanoi
  15:hanoi.c       ****     return 0;
  98              		.loc 1 15 12
  99 00bc 00008052 		mov	w0, 0
  16:hanoi.c       **** }
 100              		.loc 1 16 1
 101 00c0 FD7BC1A8 		ldp	x29, x30, [sp], 16
 102 004c 48DE     		.cfi_restore 30
 103 004e DD       		.cfi_restore 29
 104 004f 0E00     		.cfi_def_cfa_offset 0
 105 00c4 C0035FD6 		ret
 106 0051 00000000 		.cfi_endproc
 106      000000
 107              	.LFE1:
 109              	.Letext0:
 110              		.file 2 "/usr/aarch64-linux-gnu/include/stdio.h"
